// Jest Snapshot v1, https://goo.gl/fbAQLP

exports[`Footer Component Test should render the Footer Component correctly 1`] = `ReactWrapper {}`;
