// Jest Snapshot v1, https://goo.gl/fbAQLP

exports[`Home Component Test should render the Home Component correctly 1`] = `ReactWrapper {}`;
